2026-01-27T07:19:33.515Z [INFO]: Middlewares loaded
2026-01-27T07:19:33.515Z [INFO]: Routes mounted: 1 endpoint
2026-01-27T07:19:33.533Z [INFO]: Database connected
2026-01-27T07:19:33.534Z [INFO]: Server started on port 4000
2026-01-27T07:20:23.044Z [INFO]: Middlewares loaded
2026-01-27T07:20:23.044Z [INFO]: Routes mounted: 1 endpoint
2026-01-27T07:20:23.062Z [INFO]: Database connected
2026-01-27T07:20:23.063Z [INFO]: Server started on port 4000
2026-01-28T10:37:14.440Z [INFO]: Middlewares loaded
2026-01-28T10:37:14.440Z [INFO]: Routes mounted: 1 endpoint
2026-01-28T10:37:14.844Z [INFO]: Database connected
2026-01-28T10:37:14.846Z [INFO]: Server started on port 4000
2026-01-28T10:37:20.638Z [INFO]: Middlewares loaded
2026-01-28T10:37:20.639Z [INFO]: Routes mounted: 1 endpoint
2026-01-28T10:37:21.026Z [INFO]: Database connected
2026-01-28T10:37:21.028Z [INFO]: Server started on port 4000
2026-01-28T11:17:20.640Z [INFO]: Middlewares loaded
2026-01-28T11:17:20.641Z [INFO]: Routes mounted: 1 endpoint
2026-01-28T11:17:22.078Z [INFO]: Database connected
2026-01-28T11:17:22.080Z [INFO]: Server started on port 4000
2026-01-29T07:10:21.977Z [INFO]: Middlewares loaded
2026-01-29T07:10:21.978Z [INFO]: Routes mounted: 1 endpoint
2026-01-29T07:10:22.471Z [INFO]: Database connected
2026-01-29T07:10:22.472Z [INFO]: Server started on port 4000
2026-01-29T07:10:50.892Z [INFO]: Middlewares loaded
2026-01-29T07:10:50.893Z [INFO]: Routes mounted: 1 endpoint
2026-01-29T07:10:51.281Z [INFO]: Database connected
2026-01-29T07:10:51.282Z [INFO]: Server started on port 4000
2026-01-29T07:11:10.108Z [INFO]: Middlewares loaded
2026-01-29T07:11:10.109Z [INFO]: Routes mounted: 1 endpoint
2026-01-29T07:11:10.503Z [INFO]: Database connected
2026-01-29T07:11:10.506Z [INFO]: Server started on port 4000
2026-01-29T07:11:20.534Z [INFO]: Middlewares loaded
2026-01-29T07:11:20.535Z [INFO]: Routes mounted: 1 endpoint
2026-01-29T07:11:20.954Z [INFO]: Database connected
2026-01-29T07:11:20.956Z [INFO]: Server started on port 4000
2026-01-29T07:13:37.267Z [INFO]: Middlewares loaded
2026-01-29T07:13:37.268Z [INFO]: Routes mounted: 1 endpoint
2026-01-29T07:13:37.727Z [INFO]: Database connected
2026-01-29T07:13:37.728Z [INFO]: Server started on port 4000
2026-01-29T07:13:53.296Z [INFO]: Middlewares loaded
2026-01-29T07:13:53.297Z [INFO]: Routes mounted: 1 endpoint
2026-01-29T07:13:54.175Z [INFO]: Database connected
2026-01-29T07:13:54.177Z [INFO]: Server started on port 4000
2026-01-29T07:16:02.796Z [INFO]: Middlewares loaded
2026-01-29T07:16:02.797Z [INFO]: Routes mounted: 1 endpoint
2026-01-29T07:16:04.735Z [INFO]: Database connected
2026-01-29T07:16:04.737Z [INFO]: Server started on port 4000
2026-01-29T07:16:10.189Z [INFO]: Middlewares loaded
2026-01-29T07:16:10.190Z [INFO]: Routes mounted: 1 endpoint
2026-01-29T07:16:10.753Z [INFO]: Database connected
2026-01-29T07:16:10.755Z [INFO]: Server started on port 4000
2026-01-29T07:16:23.460Z [INFO]: Middlewares loaded
2026-01-29T07:16:23.461Z [INFO]: Routes mounted: 1 endpoint
2026-01-29T07:16:24.025Z [INFO]: Database connected
2026-01-29T07:16:24.026Z [INFO]: Server started on port 4000
2026-01-29T07:17:22.234Z [INFO]: Middlewares loaded
2026-01-29T07:17:22.234Z [INFO]: Routes mounted: 1 endpoint
2026-01-29T07:17:23.704Z [INFO]: Database connected
2026-01-29T07:17:23.705Z [INFO]: Server started on port 4000
2026-01-29T07:17:30.306Z [INFO]: Middlewares loaded
2026-01-29T07:17:30.307Z [INFO]: Routes mounted: 1 endpoint
2026-01-29T07:17:33.740Z [INFO]: Database connected
2026-01-29T07:17:33.742Z [INFO]: Server started on port 4000
2026-01-29T07:17:39.266Z [INFO]: Middlewares loaded
2026-01-29T07:17:39.267Z [INFO]: Routes mounted: 1 endpoint
2026-01-29T07:17:39.953Z [INFO]: Database connected
2026-01-29T07:17:39.955Z [INFO]: Server started on port 4000
2026-01-29T07:19:14.860Z [INFO]: Middlewares loaded
2026-01-29T07:19:14.860Z [INFO]: Routes mounted: 1 endpoint
2026-01-29T07:19:14.862Z [INFO]: Middlewares loaded
2026-01-29T07:19:14.863Z [INFO]: Routes mounted: 1 endpoint
2026-01-29T07:19:16.036Z [INFO]: Database connected
2026-01-29T07:19:16.038Z [INFO]: Server started on port 4000
2026-01-29T07:19:16.253Z [INFO]: Database connected
2026-01-29T07:19:16.255Z [INFO]: Server started on port 4000
2026-01-29T07:19:40.552Z [INFO]: Middlewares loaded
2026-01-29T07:19:40.553Z [INFO]: Routes mounted: 1 endpoint
2026-01-29T07:19:41.375Z [INFO]: Database connected
2026-01-29T07:19:41.377Z [INFO]: Server started on port 4000
2026-01-29T07:22:01.052Z [INFO]: Middlewares loaded
2026-01-29T07:22:01.053Z [INFO]: Routes mounted: 1 endpoint
2026-01-29T07:22:01.089Z [INFO]: Middlewares loaded
2026-01-29T07:22:01.090Z [INFO]: Routes mounted: 1 endpoint
2026-01-29T07:22:02.198Z [INFO]: Database connected
2026-01-29T07:22:02.200Z [INFO]: Server started on port 4000
2026-01-29T07:22:02.224Z [INFO]: Database connected
2026-01-29T07:22:02.226Z [INFO]: Server started on port 4000
2026-01-29T07:24:56.513Z [INFO]: Middlewares loaded
2026-01-29T07:24:56.514Z [INFO]: Routes mounted: 1 endpoint
2026-01-29T07:24:56.551Z [INFO]: Middlewares loaded
2026-01-29T07:24:56.551Z [INFO]: Routes mounted: 1 endpoint
2026-01-29T07:24:57.933Z [INFO]: Database connected
2026-01-29T07:24:57.935Z [INFO]: Server started on port 4000
2026-01-29T07:24:57.950Z [INFO]: Database connected
2026-01-29T07:24:57.952Z [INFO]: Server started on port 4000
2026-01-29T07:25:32.067Z [INFO]: Middlewares loaded
2026-01-29T07:25:32.068Z [INFO]: Routes mounted: 1 endpoint
2026-01-29T07:25:32.080Z [INFO]: Middlewares loaded
2026-01-29T07:25:32.081Z [INFO]: Routes mounted: 1 endpoint
2026-01-29T07:25:32.828Z [INFO]: Database connected
2026-01-29T07:25:32.830Z [INFO]: Server started on port 4000
2026-01-29T07:25:32.843Z [INFO]: Database connected
2026-01-29T07:25:32.846Z [INFO]: Server started on port 4000
2026-01-29T07:25:42.265Z [INFO]: Middlewares loaded
2026-01-29T07:25:42.266Z [INFO]: Routes mounted: 1 endpoint
2026-01-29T07:25:42.273Z [INFO]: Middlewares loaded
2026-01-29T07:25:42.274Z [INFO]: Routes mounted: 1 endpoint
2026-01-29T07:25:42.660Z [INFO]: Database connected
2026-01-29T07:25:42.663Z [INFO]: Server started on port 4000
2026-01-29T07:25:42.698Z [INFO]: Database connected
2026-01-29T07:25:42.701Z [INFO]: Server started on port 4000
2026-01-29T07:27:35.712Z [INFO]: Middlewares loaded
2026-01-29T07:27:35.713Z [INFO]: Routes mounted: 1 endpoint
2026-01-29T07:27:35.732Z [INFO]: Middlewares loaded
2026-01-29T07:27:35.733Z [INFO]: Routes mounted: 1 endpoint
2026-01-29T07:27:36.157Z [INFO]: Database connected
2026-01-29T07:27:36.158Z [INFO]: Server started on port 4000
2026-01-29T07:27:36.167Z [INFO]: Database connected
2026-01-29T07:27:36.169Z [INFO]: Server started on port 4000
2026-01-29T07:27:51.559Z [INFO]: Middlewares loaded
2026-01-29T07:27:51.560Z [INFO]: Routes mounted: 1 endpoint
2026-01-29T07:27:51.574Z [INFO]: Middlewares loaded
2026-01-29T07:27:51.575Z [INFO]: Routes mounted: 1 endpoint
2026-01-29T07:27:51.967Z [INFO]: Database connected
2026-01-29T07:27:51.969Z [INFO]: Server started on port 4000
2026-01-29T07:27:52.003Z [INFO]: Database connected
2026-01-29T07:27:52.006Z [INFO]: Server started on port 4000
{"level":30,"time":"2026-01-30T06:02:38.334Z","pid":8227,"hostname":"HESTABIT-362","msg":"Middlewares loaded"}
{"level":30,"time":"2026-01-30T06:02:38.335Z","pid":8227,"hostname":"HESTABIT-362","msg":"Routes mounted: 1 endpoint"}
{"level":30,"time":"2026-01-30T06:02:44.698Z","pid":8227,"hostname":"HESTABIT-362","msg":"Database connected"}
{"level":30,"time":"2026-01-30T06:02:44.700Z","pid":8227,"hostname":"HESTABIT-362","msg":"Server started on port 4000"}
